insecure-allclusterroletodefaultsa-pod.yaml : BLOCKED
insecure-allclusterrolewildcardaccess-pod.yaml : BLOCKED
insecure-alldangeroussysctl-pod.yaml : BLOCKED
insecure-alldefaultsa-pod.yaml : BLOCKED
insecure-alldropnocap.yaml : BLOCKED
insecure-allhostnetenab-pods.yaml : BLOCKED
insecure-allhostpathmount-pods.yaml : BLOCKED
insecure-allhostpid-pods.yaml : BLOCKED
insecure-allimagepullpolicyalways-pod.yaml : BLOCKED
insecure-alllatesttagusage-pod.yaml : BLOCKED
insecure-allnoresourcelimit.yaml : BLOCKED
insecure-allnosecuritycontextatall-pod.yaml : BLOCKED
insecure-allprivesca-pods.yaml : BLOCKED
insecure-allpublicuntrustedimage-pod.yaml : BLOCKED
insecure-allrolewithsecretaccess-pod.yaml : BLOCKED
insecure-allrolewithsecretroletodefaultsa-pod.yaml : BLOCKED
insecure-allsys_adm-pods.yaml : BLOCKED
insecure-allwritablerootfilesystem-pod.yaml : BLOCKED
insecure-prirunasroot-pods.yaml : BLOCKED
insecure-privileged-pods.yaml : BLOCKED
kustomization.yaml : ALLOWED
