Test: NPER DNS Resolution
Expected: ALLOW
Actual: ALLOW
Result: PASS
----------------------------------------
Test: IER DNS Resolution
Expected: BLOCK
Actual: BLOCK
Result: PASS
----------------------------------------
Test: NPER Internet Allowed
Expected: ALLOW
Actual: ALLOW
Result: PASS
----------------------------------------
Test: IER Internet Blocked
Expected: BLOCK
Actual: BLOCK
Result: PASS
----------------------------------------
Test: NPER Cross Namespace
Expected: ALLOW
Actual: ALLOW
Result: PASS
----------------------------------------
Test: IER Cross Namespace
Expected: BLOCK
Actual: BLOCK
Result: PASS
----------------------------------------
