Attack     : host-write-attempt
Pod        : host-write-attempt
Detected   : true
Time       : 26s
----------------------------------------
Attack     : interactive-shell
Pod        : interactive-shell
Detected   : true
Time       : 23s
----------------------------------------
Attack     : metadata-theft
Pod        : metadata-theft
Detected   : true
Time       : 22s
----------------------------------------
Attack     : outbound-c2
Pod        : outbound-c2
Detected   : true
Time       : 23s
----------------------------------------
Attack     : token-test
Pod        : token-theft
Detected   : true
Time       : 23s
----------------------------------------
