Test: external-secret-with-clustersecretstore.yaml
Result: ALLOWED (Unexpected)
----------------------------------------
Test: hardcoded-secret.yaml
Result: ALLOWED (Unexpected)
----------------------------------------
Test: kustomization.yaml
Result: ALLOWED (Unexpected)
----------------------------------------
Test: missing-secret.yaml
Result: BLOCKED
----------------------------------------
Test: plaintext-configmap.yaml
Result: ALLOWED (Unexpected)
----------------------------------------
Test: sealed-secret.yaml
Result: ALLOWED (Unexpected)
----------------------------------------
Test: secret-env-variable.yaml
Result: ALLOWED (Unexpected)
----------------------------------------
Test: secret-volume-without-policy.yaml
Result: ALLOWED (Unexpected)
----------------------------------------
Test: valid-external-secret.yaml
Result: ALLOWED
----------------------------------------
